tools/json-validator: tests/inputs/cod-optimade-info-custom-field.json: /links: Missing property.
tools/json-validator: tests/inputs/cod-optimade-info-custom-field.json: /meta: Missing property.
tools/json-validator: tests/inputs/cod-optimade-info-custom-field.json: /data: oneOf failed: (Missing property.. Missing property.. Missing property.) Properties not allowed: api_version, available_api_versions, available_endpoints, entry_types_by_format. Properties not allowed: api_version, available_api_versions, available_endpoints, entry_types_by_format, formats.
