Parse tree from /dev/fd/62:
Filter(2001)
  Keyword(2002)
    TOKEN_4(1005): "filter=", line: 1, col: 1
  Expression(2009)
    Term(2010)
      Atom(2011)
        Comparison(2014)
          Value(2003)
            Identifier(2015)
              Letter(2016)
                TOKEN_70(1071): "a", line: 1, col: 8
          Operator(2013)
            TOKEN_34(1035): ">", line: 1, col: 9
          Value(2003)
            Number(2022)
              Digits(2025)
                Digit(2026)
                  TOKEN_21(1022): "1", line: 1, col: 10
      Spaces(2005)
        Space(2004)
          TOKEN_5(1006): " ", line: 1, col: 11
      AND(2006)
        TOKEN_1(1002): "AND", line: 1, col: 12
      Spaces(2005)
        Space(2004)
          TOKEN_5(1006): " ", line: 1, col: 15
      Term(2010)
        Atom(2011)
          TOKEN_12(1013): "(", line: 1, col: 16
          AndComparison(2012)
            Comparison(2014)
              Value(2003)
                Identifier(2015)
                  Letter(2016)
                    TOKEN_71(1072): "b", line: 1, col: 17
              Operator(2013)
                TOKEN_32(1033): "<", line: 1, col: 18
              Value(2003)
                Number(2022)
                  Digits(2025)
                    Digit(2026)
                      TOKEN_21(1022): "1", line: 1, col: 19
                    Digit(2026)
                      TOKEN_20(1021): "0", line: 1, col: 20
            Spaces(2005)
              Space(2004)
                TOKEN_5(1006): " ", line: 1, col: 21
          OR(2008)
            TOKEN_3(1004): "OR", line: 1, col: 22
          Spaces(2005)
            Space(2004)
              TOKEN_5(1006): " ", line: 1, col: 24
          AndComparison(2012)
            Comparison(2014)
              Value(2003)
                Identifier(2015)
                  Letter(2016)
                    TOKEN_72(1073): "c", line: 1, col: 25
              Operator(2013)
                TOKEN_6(1007): "!", line: 1, col: 26
                TOKEN_33(1034): "=", line: 1, col: 27
              Value(2003)
                Identifier(2015)
                  Letter(2016)
                    TOKEN_71(1072): "b", line: 1, col: 28
            Spaces(2005)
              Space(2004)
                TOKEN_5(1006): " ", line: 1, col: 29
          OR(2008)
            TOKEN_3(1004): "OR", line: 1, col: 30
          Spaces(2005)
            Space(2004)
              TOKEN_5(1006): " ", line: 1, col: 32
          AndComparison(2012)
            Comparison(2014)
              Value(2003)
                Identifier(2015)
                  Letter(2016)
                    TOKEN_93(1094): "x", line: 1, col: 33
              Operator(2013)
                TOKEN_34(1035): ">", line: 1, col: 34
              Value(2003)
                Number(2022)
                  Digits(2025)
                    Digit(2026)
                      TOKEN_21(1022): "1", line: 1, col: 35
                    Digit(2026)
                      TOKEN_20(1021): "0", line: 1, col: 36
                    Digit(2026)
                      TOKEN_20(1021): "0", line: 1, col: 37
          TOKEN_13(1014): ")", line: 1, col: 38
