Parse tree from /dev/fd/62:
Filter(2001)
  Keyword(2002)
    TOKEN_4(1005): "filter=", line: 1, col: 1
  Expression(2009)
    Term(2010)
      Atom(2011)
        Comparison(2014)
          Value(2003)
            Identifier(2015)
              Letter(2016)
                TOKEN_70(1071): "a", line: 1, col: 8
              Letter(2016)
                TOKEN_70(1071): "a", line: 1, col: 9
              Letter(2016)
                TOKEN_93(1094): "x", line: 1, col: 10
          Spaces(2005)
            Space(2004)
              TOKEN_5(1006): " ", line: 1, col: 11
          Operator(2013)
            TOKEN_32(1033): "<", line: 1, col: 12
            TOKEN_33(1034): "=", line: 1, col: 13
          Spaces(2005)
            Space(2004)
              TOKEN_5(1006): " ", line: 1, col: 14
          Value(2003)
            Number(2022)
              Sign(2024)
                TOKEN_15(1016): "+", line: 1, col: 15
              TOKEN_18(1019): ".", line: 1, col: 16
              Digits(2025)
                Digit(2026)
                  TOKEN_21(1022): "1", line: 1, col: 17
              Exponent(2023)
                TOKEN_74(1075): "e", line: 1, col: 18
                Digits(2025)
                  Digit(2026)
                    TOKEN_28(1029): "8", line: 1, col: 19
      Spaces(2005)
        Space(2004)
          TOKEN_5(1006): " ", line: 1, col: 20
    OR(2008)
      TOKEN_3(1004): "OR", line: 1, col: 21
    Spaces(2005)
      Space(2004)
        TOKEN_5(1006): " ", line: 1, col: 23
    Expression(2009)
      Term(2010)
        Atom(2011)
          Comparison(2014)
            Value(2003)
              Identifier(2015)
                Letter(2016)
                  TOKEN_72(1073): "c", line: 1, col: 24
                Digit(2026)
                  TOKEN_22(1023): "2", line: 1, col: 25
                Digit(2026)
                  TOKEN_21(1022): "1", line: 1, col: 26
            Spaces(2005)
              Space(2004)
                TOKEN_5(1006): " ", line: 1, col: 27
            Operator(2013)
              TOKEN_34(1035): ">", line: 1, col: 28
              TOKEN_33(1034): "=", line: 1, col: 29
            Spaces(2005)
              Space(2004)
                TOKEN_5(1006): " ", line: 1, col: 30
            Value(2003)
              Number(2022)
                Digits(2025)
                  Digit(2026)
                    TOKEN_21(1022): "1", line: 1, col: 31
                  Digit(2026)
                    TOKEN_20(1021): "0", line: 1, col: 32
        Spaces(2005)
          Space(2004)
            TOKEN_5(1006): " ", line: 1, col: 33
        AND(2006)
          TOKEN_1(1002): "AND", line: 1, col: 34
        Spaces(2005)
          Space(2004)
            TOKEN_5(1006): " ", line: 1, col: 37
        Term(2010)
          Atom(2011)
            NOT(2007)
              TOKEN_2(1003): "NOT", line: 1, col: 38
            Spaces(2005)
              Space(2004)
                TOKEN_5(1006): " ", line: 1, col: 41
            Comparison(2014)
              Value(2003)
                Identifier(2015)
                  Letter(2016)
                    TOKEN_75(1076): "f", line: 1, col: 42
              Spaces(2005)
                Space(2004)
                  TOKEN_5(1006): " ", line: 1, col: 43
              Operator(2013)
                TOKEN_33(1034): "=", line: 1, col: 44
              Spaces(2005)
                Space(2004)
                  TOKEN_5(1006): " ", line: 1, col: 45
              Value(2003)
                Identifier(2015)
                  Letter(2016)
                    TOKEN_94(1095): "y", line: 1, col: 46
          Spaces(2005)
            Space(2004)
              TOKEN_5(1006): " ", line: 1, col: 47
      OR(2008)
        TOKEN_3(1004): "OR", line: 1, col: 48
      Spaces(2005)
        Space(2004)
          TOKEN_5(1006): " ", line: 1, col: 50
      Expression(2009)
        Term(2010)
          Atom(2011)
            NOT(2007)
              TOKEN_2(1003): "NOT", line: 1, col: 51
            Spaces(2005)
              Space(2004)
                TOKEN_5(1006): " ", line: 1, col: 54
            Comparison(2014)
              Value(2003)
                Identifier(2015)
                  Letter(2016)
                    TOKEN_70(1071): "a", line: 1, col: 55
              Spaces(2005)
                Space(2004)
                  TOKEN_5(1006): " ", line: 1, col: 56
              Operator(2013)
                TOKEN_34(1035): ">", line: 1, col: 57
                TOKEN_33(1034): "=", line: 1, col: 58
              Spaces(2005)
                Space(2004)
                  TOKEN_5(1006): " ", line: 1, col: 59
              Value(2003)
                Identifier(2015)
                  Letter(2016)
                    TOKEN_71(1072): "b", line: 1, col: 60
          Spaces(2005)
            Space(2004)
              TOKEN_5(1006): " ", line: 1, col: 61
        OR(2008)
          TOKEN_3(1004): "OR", line: 1, col: 62
        Spaces(2005)
          Space(2004)
            TOKEN_5(1006): " ", line: 1, col: 64
        Expression(2009)
          Term(2010)
            Atom(2011)
              Comparison(2014)
                Value(2003)
                  Identifier(2015)
                    Letter(2016)
                      TOKEN_93(1094): "x", line: 1, col: 65
                Spaces(2005)
                  Space(2004)
                    TOKEN_5(1006): " ", line: 1, col: 66
                Operator(2013)
                  TOKEN_33(1034): "=", line: 1, col: 67
                Spaces(2005)
                  Space(2004)
                    TOKEN_5(1006): " ", line: 1, col: 68
                Value(2003)
                  Identifier(2015)
                    Letter(2016)
                      TOKEN_89(1090): "t", line: 1, col: 69
            Spaces(2005)
              Space(2004)
                TOKEN_5(1006): " ", line: 1, col: 70
          OR(2008)
            TOKEN_3(1004): "OR", line: 1, col: 71
          Spaces(2005)
            Space(2004)
              TOKEN_5(1006): " ", line: 1, col: 73
          Expression(2009)
            Term(2010)
              Atom(2011)
                TOKEN_12(1013): "(", line: 1, col: 74
                Spaces(2005)
                  Space(2004)
                    TOKEN_5(1006): " ", line: 1, col: 75
                AndComparison(2012)
                  NOT(2007)
                    TOKEN_2(1003): "NOT", line: 1, col: 76
                  Spaces(2005)
                    Space(2004)
                      TOKEN_5(1006): " ", line: 1, col: 79
                  Comparison(2014)
                    Value(2003)
                      Identifier(2015)
                        Letter(2016)
                          TOKEN_93(1094): "x", line: 1, col: 80
                    Spaces(2005)
                      Space(2004)
                        TOKEN_5(1006): " ", line: 1, col: 81
                    Operator(2013)
                      TOKEN_6(1007): "!", line: 1, col: 82
                      TOKEN_33(1034): "=", line: 1, col: 83
                    Spaces(2005)
                      Space(2004)
                        TOKEN_5(1006): " ", line: 1, col: 84
                    Value(2003)
                      String(2017)
                        TOKEN_7(1008): """, line: 1, col: 85
                        EscapedChar(2018)
                          UnescapedChar(2019)
                            Letter(2016)
                              TOKEN_55(1056): "S", line: 1, col: 86
                        EscapedChar(2018)
                          UnescapedChar(2019)
                            Letter(2016)
                              TOKEN_84(1085): "o", line: 1, col: 87
                        EscapedChar(2018)
                          UnescapedChar(2019)
                            Letter(2016)
                              TOKEN_82(1083): "m", line: 1, col: 88
                        EscapedChar(2018)
                          UnescapedChar(2019)
                            Letter(2016)
                              TOKEN_74(1075): "e", line: 1, col: 89
                        EscapedChar(2018)
                          UnescapedChar(2019)
                            Space(2004)
                              TOKEN_5(1006): " ", line: 1, col: 90
                        EscapedChar(2018)
                          UnescapedChar(2019)
                            Letter(2016)
                              TOKEN_88(1089): "s", line: 1, col: 91
                        EscapedChar(2018)
                          UnescapedChar(2019)
                            Letter(2016)
                              TOKEN_89(1090): "t", line: 1, col: 92
                        EscapedChar(2018)
                          UnescapedChar(2019)
                            Letter(2016)
                              TOKEN_87(1088): "r", line: 1, col: 93
                        EscapedChar(2018)
                          UnescapedChar(2019)
                            Letter(2016)
                              TOKEN_78(1079): "i", line: 1, col: 94
                        EscapedChar(2018)
                          UnescapedChar(2019)
                            Letter(2016)
                              TOKEN_83(1084): "n", line: 1, col: 95
                        EscapedChar(2018)
                          UnescapedChar(2019)
                            Letter(2016)
                              TOKEN_76(1077): "g", line: 1, col: 96
                        TOKEN_7(1008): """, line: 1, col: 97
                  Spaces(2005)
                    Space(2004)
                      TOKEN_5(1006): " ", line: 1, col: 98
                OR(2008)
                  TOKEN_3(1004): "OR", line: 1, col: 99
                Spaces(2005)
                  Space(2004)
                    TOKEN_5(1006): " ", line: 1, col: 101
                AndComparison(2012)
                  Comparison(2014)
                    Value(2003)
                      Identifier(2015)
                        Letter(2016)
                          TOKEN_70(1071): "a", line: 1, col: 102
                    Spaces(2005)
                      Space(2004)
                        TOKEN_5(1006): " ", line: 1, col: 103
                    Operator(2013)
                      TOKEN_33(1034): "=", line: 1, col: 104
                    Spaces(2005)
                      Space(2004)
                        TOKEN_5(1006): " ", line: 1, col: 105
                    Value(2003)
                      Identifier(2015)
                        Letter(2016)
                          TOKEN_71(1072): "b", line: 1, col: 106
                  Spaces(2005)
                    Space(2004)
                      TOKEN_5(1006): " ", line: 1, col: 107
                  AND(2006)
                    TOKEN_1(1002): "AND", line: 1, col: 108
                  Spaces(2005)
                    Space(2004)
                      TOKEN_5(1006): " ", line: 1, col: 111
                  Comparison(2014)
                    Value(2003)
                      Identifier(2015)
                        Letter(2016)
                          TOKEN_93(1094): "x", line: 1, col: 112
                    Spaces(2005)
                      Space(2004)
                        TOKEN_5(1006): " ", line: 1, col: 113
                    Operator(2013)
                      TOKEN_34(1035): ">", line: 1, col: 114
                    Spaces(2005)
                      Space(2004)
                        TOKEN_5(1006): " ", line: 1, col: 115
                    Value(2003)
                      Identifier(2015)
                        Letter(2016)
                          TOKEN_91(1092): "v", line: 1, col: 116
                  Spaces(2005)
                    Space(2004)
                      TOKEN_5(1006): " ", line: 1, col: 117
                  AND(2006)
                    TOKEN_1(1002): "AND", line: 1, col: 118
                  Spaces(2005)
                    Space(2004)
                      TOKEN_5(1006): " ", line: 1, col: 121
                  NOT(2007)
                    TOKEN_2(1003): "NOT", line: 1, col: 122
                  Spaces(2005)
                    Space(2004)
                      TOKEN_5(1006): " ", line: 1, col: 125
                  Comparison(2014)
                    Value(2003)
                      Identifier(2015)
                        Letter(2016)
                          TOKEN_91(1092): "v", line: 1, col: 126
                    Spaces(2005)
                      Space(2004)
                        TOKEN_5(1006): " ", line: 1, col: 127
                    Operator(2013)
                      TOKEN_32(1033): "<", line: 1, col: 128
                    Spaces(2005)
                      Space(2004)
                        TOKEN_5(1006): " ", line: 1, col: 129
                    Value(2003)
                      Identifier(2015)
                        Letter(2016)
                          TOKEN_92(1093): "w", line: 1, col: 130
                TOKEN_13(1014): ")", line: 1, col: 131
