Parse tree from /dev/fd/62:
Filter(2001)
  Keyword(2002)
    TOKEN_4(1005): "filter=", line: 1, col: 1
  Expression(2009)
    Term(2010)
      Atom(2011)
        Comparison(2014)
          Value(2003)
            Identifier(2015)
              Letter(2016)
                TOKEN_71(1072): "b", line: 1, col: 8
          Operator(2013)
            TOKEN_33(1034): "=", line: 1, col: 9
          Value(2003)
            String(2017)
              TOKEN_7(1008): """, line: 1, col: 10
              EscapedChar(2018)
                UnescapedChar(2019)
                  Letter(2016)
                    TOKEN_80(1081): "k", line: 1, col: 11
              EscapedChar(2018)
                UnescapedChar(2019)
                  Letter(2016)
                    TOKEN_91(1092): "v", line: 1, col: 12
              EscapedChar(2018)
                UnescapedChar(2019)
                  Letter(2016)
                    TOKEN_70(1071): "a", line: 1, col: 13
              TOKEN_7(1008): """, line: 1, col: 14
      Spaces(2005)
        Space(2004)
          TOKEN_5(1006): " ", line: 1, col: 15
      AND(2006)
        TOKEN_1(1002): "AND", line: 1, col: 16
      Spaces(2005)
        Space(2004)
          TOKEN_5(1006): " ", line: 1, col: 19
      Term(2010)
        Atom(2011)
          TOKEN_12(1013): "(", line: 1, col: 20
          AndComparison(2012)
            Comparison(2014)
              Value(2003)
                Number(2022)
                  Digits(2025)
                    Digit(2026)
                      TOKEN_21(1022): "1", line: 1, col: 21
              Operator(2013)
                TOKEN_32(1033): "<", line: 1, col: 22
              Value(2003)
                Identifier(2015)
                  Letter(2016)
                    TOKEN_88(1089): "s", line: 1, col: 23
            Spaces(2005)
              Space(2004)
                TOKEN_5(1006): " ", line: 1, col: 24
          OR(2008)
            TOKEN_3(1004): "OR", line: 1, col: 25
          Spaces(2005)
            Space(2004)
              TOKEN_5(1006): " ", line: 1, col: 27
          AndComparison(2012)
            NOT(2007)
              TOKEN_2(1003): "NOT", line: 1, col: 28
Error: in /dev/fd/62: line 1:
    unexpected token "(", expected one of "A", "B", "C", "D", "E",
    "F", "G", "H", "I", "J", "K", "L", "M", "N", "O", "P", "Q", "R",
    "S", "T", "U", "V", "W", "X", "Y", "Z", "a", "b", "c", "d", "e",
    "f", "g", "h", "i", "j", "k", "l", "m", "n", "o", "p", "q", "r",
    "s", "t", "u", "v", "w", "x", "y", "z", "_", "+", "-", "0", "1",
    "2", "3", "4", "5", "6", "7", "8", "9", ".", or """
Error: in /dev/fd/62: line 1:
    unexpected token ")", expected <EOF>
