Parse tree from /dev/fd/63:
Number(2001)
  Sign(2003)
    TOKEN_0(1001): "+", line: 1, col: 1
Error: in /dev/fd/63: line 1:
    unexpected token "+", expected one of "0", "1", "2", "3", "4",
    "5", "6", "7", "8", "9", or "."
Error: in /dev/fd/63: line 1:
    unexpected character '('
Parse tree from /dev/fd/63:
Number(2001)
  Sign(2003)
    TOKEN_1(1002): "-", line: 1, col: 1
Error: in /dev/fd/63: line 1:
    unexpected token "-", expected one of "0", "1", "2", "3", "4",
    "5", "6", "7", "8", "9", or "."
Parse tree from /dev/fd/63:
Number(2001)
  Digits(2004)
    Digit(2005)
      TOKEN_4(1005): "1", line: 1, col: 1
    Digit(2005)
      TOKEN_4(1005): "1", line: 1, col: 2
  TOKEN_2(1003): ".", line: 1, col: 3
  Digits(2004)
    Digit(2005)
      TOKEN_4(1005): "1", line: 1, col: 4
Error: in /dev/fd/63: line 1:
    unexpected character 'A'
Parse tree from /dev/fd/63:
Number(2001)
  Digits(2004)
    Digit(2005)
      TOKEN_4(1005): "1", line: 1, col: 1
Error: in /dev/fd/63: line 1:
    unexpected character 'A'
Parse tree from /dev/fd/63:
Number(2001)
  Digits(2004)
    Digit(2005)
      TOKEN_4(1005): "1", line: 1, col: 1
  TOKEN_2(1003): ".", line: 1, col: 2
  Digits(2004)
    Digit(2005)
      TOKEN_5(1006): "2", line: 1, col: 3
    Digit(2005)
      TOKEN_6(1007): "3", line: 1, col: 4
  Exponent(2002)
    TOKEN_13(1014): "E", line: 1, col: 5
    Sign(2003)
      TOKEN_0(1001): "+", line: 1, col: 6
Error: in /dev/fd/63: line 1:
    unexpected token "+", expected one of "0", "1", "2", "3", "4",
    "5", "6", "7", "8", or "9"
Parse tree from /dev/fd/63:
Number(2001)
  Digits(2004)
    Digit(2005)
      TOKEN_4(1005): "1", line: 1, col: 1
Error: in /dev/fd/63: line 1:
    unexpected character ','
Error: in /dev/fd/63: line 1:
    unexpected character '('
Parse tree from /dev/fd/63:
Number(2001)
  Digits(2004)
    Digit(2005)
      TOKEN_4(1005): "1", line: 1, col: 1
  TOKEN_2(1003): ".", line: 1, col: 2
Error: in /dev/fd/63: line 1:
    unexpected token ".", expected <EOF>
Parse tree from /dev/fd/63:
Number(2001)
  TOKEN_2(1003): ".", line: 1, col: 1
  Digits(2004)
    Digit(2005)
      TOKEN_4(1005): "1", line: 1, col: 2
    Digit(2005)
      TOKEN_5(1006): "2", line: 1, col: 3
    Digit(2005)
      TOKEN_6(1007): "3", line: 1, col: 4
Error: in /dev/fd/63: line 1:
    unexpected token ".", expected <EOF>
Parse tree from /dev/fd/63:
Number(2001)
  Digits(2004)
    Digit(2005)
      TOKEN_4(1005): "1", line: 1, col: 1
  TOKEN_2(1003): ".", line: 1, col: 2
  Digits(2004)
    Digit(2005)
      TOKEN_5(1006): "2", line: 1, col: 3
    Digit(2005)
      TOKEN_6(1007): "3", line: 1, col: 4
    Digit(2005)
      TOKEN_7(1008): "4", line: 1, col: 5
  Exponent(2002)
    TOKEN_13(1014): "E", line: 1, col: 6
    Digits(2004)
      Digit(2005)
        TOKEN_4(1005): "1", line: 1, col: 7
      Digit(2005)
        TOKEN_5(1006): "2", line: 1, col: 8
Error: in /dev/fd/63: line 1:
    unexpected character '('
Parse tree from /dev/fd/63:
Number(2001)
  Digits(2004)
    Digit(2005)
      TOKEN_4(1005): "1", line: 1, col: 1
  TOKEN_2(1003): ".", line: 1, col: 2
  Digits(2004)
    Digit(2005)
      TOKEN_5(1006): "2", line: 1, col: 3
    Digit(2005)
      TOKEN_6(1007): "3", line: 1, col: 4
    Digit(2005)
      TOKEN_7(1008): "4", line: 1, col: 5
Error: in /dev/fd/63: line 1:
    unexpected character 'D'
Parse tree from /dev/fd/63:
Number(2001)
  Digits(2004)
    Digit(2005)
      TOKEN_4(1005): "1", line: 1, col: 1
  TOKEN_2(1003): ".", line: 1, col: 2
  Digits(2004)
    Digit(2005)
      TOKEN_5(1006): "2", line: 1, col: 3
    Digit(2005)
      TOKEN_6(1007): "3", line: 1, col: 4
    Digit(2005)
      TOKEN_7(1008): "4", line: 1, col: 5
Error: in /dev/fd/63: line 1:
    unexpected character 'D'
Parse tree from /dev/fd/63:
Number(2001)
  Digits(2004)
    Digit(2005)
      TOKEN_4(1005): "1", line: 1, col: 1
  TOKEN_2(1003): ".", line: 1, col: 2
  Digits(2004)
    Digit(2005)
      TOKEN_5(1006): "2", line: 1, col: 3
    Digit(2005)
      TOKEN_6(1007): "3", line: 1, col: 4
    Digit(2005)
      TOKEN_7(1008): "4", line: 1, col: 5
Error: in /dev/fd/63: line 1:
    unexpected character 'D'
Parse tree from /dev/fd/63:
Number(2001)
  Sign(2003)
    TOKEN_0(1001): "+", line: 1, col: 1
Error: in /dev/fd/63: line 1:
    unexpected token "+", expected one of "0", "1", "2", "3", "4",
    "5", "6", "7", "8", "9", or "."
Parse tree from /dev/fd/63:
Number(2001)
  Sign(2003)
    TOKEN_1(1002): "-", line: 1, col: 1
Error: in /dev/fd/63: line 1:
    unexpected token "-", expected one of "0", "1", "2", "3", "4",
    "5", "6", "7", "8", "9", or "."
Parse tree from /dev/fd/63:
Number(2001)
  TOKEN_2(1003): ".", line: 1, col: 1
Error: in /dev/fd/63: line 1:
    unexpected end of file
Parse tree from /dev/fd/63:
Number(2001)
  TOKEN_2(1003): ".", line: 1, col: 1
Error: in /dev/fd/63: line 1:
    unexpected token ".", expected one of "0", "1", "2", "3", "4",
    "5", "6", "7", "8", or "9"
Parse tree from /dev/fd/63:
Number(2001)
  Sign(2003)
    TOKEN_0(1001): "+", line: 1, col: 1
Error: in /dev/fd/63: line 1:
    unexpected end of file
Parse tree from /dev/fd/63:
Number(2001)
  Sign(2003)
    TOKEN_0(1001): "+", line: 1, col: 1
  Digits(2004)
    Digit(2005)
      TOKEN_4(1005): "1", line: 1, col: 2
  Exponent(2002)
    TOKEN_13(1014): "E", line: 1, col: 3
Error: in /dev/fd/63: line 1:
    unexpected end of file
Parse tree from /dev/fd/63:
Number(2001)
  Sign(2003)
    TOKEN_0(1001): "+", line: 1, col: 1
  Digits(2004)
    Digit(2005)
      TOKEN_4(1005): "1", line: 1, col: 2
  Exponent(2002)
    TOKEN_13(1014): "E", line: 1, col: 3
Error: in /dev/fd/63: line 1:
    unexpected token "E", expected one of "0", "1", "2", "3", "4",
    "5", "6", "7", "8", or "9"
Parse tree from /dev/fd/63:
Number(2001)
  Sign(2003)
    TOKEN_1(1002): "-", line: 1, col: 1
Error: in /dev/fd/63: line 1:
    unexpected token "-", expected one of "0", "1", "2", "3", "4",
    "5", "6", "7", "8", "9", or "."
Parse tree from /dev/fd/63:
Number(2001)
  Sign(2003)
    TOKEN_1(1002): "-", line: 1, col: 1
  Digits(2004)
    Digit(2005)
      TOKEN_4(1005): "1", line: 1, col: 2
Error: in /dev/fd/63: line 1:
    unexpected token "-", expected <EOF>
Parse tree from /dev/fd/63:
Number(2001)
  Digits(2004)
    Digit(2005)
      TOKEN_4(1005): "1", line: 1, col: 1
  TOKEN_2(1003): ".", line: 1, col: 2
  Digits(2004)
    Digit(2005)
      TOKEN_4(1005): "1", line: 1, col: 3
  Exponent(2002)
    TOKEN_13(1014): "E", line: 1, col: 4
    Digits(2004)
      Digit(2005)
        TOKEN_4(1005): "1", line: 1, col: 5
      Digit(2005)
        TOKEN_5(1006): "2", line: 1, col: 6
Error: in /dev/fd/63: line 1:
    unexpected character '('
Parse tree from /dev/fd/63:
Error: in /dev/fd/63: line 1:
    unexpected character '?'
Parse tree from /dev/fd/63:
Error: in /dev/fd/63: line 1:
    unexpected character 'A'
Parse tree from /dev/fd/63:
Error: in /dev/fd/63: line 1:
    unexpected character '('
Parse tree from /dev/fd/63:
Number(2001)
  Sign(2003)
    TOKEN_1(1002): "-", line: 1, col: 1
  TOKEN_2(1003): ".", line: 1, col: 2
Error: in /dev/fd/63: line 1:
    unexpected end of file
Parse tree from /dev/fd/63:
Number(2001)
  Sign(2003)
    TOKEN_0(1001): "+", line: 1, col: 1
  TOKEN_2(1003): ".", line: 1, col: 2
Error: in /dev/fd/63: line 1:
    unexpected end of file
Parse tree from /dev/fd/63:
Number(2001)
  TOKEN_2(1003): ".", line: 1, col: 1
Error: in /dev/fd/63: line 1:
    unexpected token "E", expected one of "0", "1", "2", "3", "4",
    "5", "6", "7", "8", or "9"
Parse tree from /dev/fd/63:
Number(2001)
  Sign(2003)
    TOKEN_1(1002): "-", line: 1, col: 1
  TOKEN_2(1003): ".", line: 1, col: 2
Error: in /dev/fd/63: line 1:
    unexpected token "E", expected one of "0", "1", "2", "3", "4",
    "5", "6", "7", "8", or "9"
Parse tree from /dev/fd/63:
Number(2001)
  Sign(2003)
    TOKEN_0(1001): "+", line: 1, col: 1
  TOKEN_2(1003): ".", line: 1, col: 2
Error: in /dev/fd/63: line 1:
    unexpected token "E", expected one of "0", "1", "2", "3", "4",
    "5", "6", "7", "8", or "9"
Parse tree from /dev/fd/63:
Number(2001)
  Sign(2003)
    TOKEN_1(1002): "-", line: 1, col: 1
  TOKEN_2(1003): ".", line: 1, col: 2
  Digits(2004)
    Digit(2005)
      TOKEN_4(1005): "1", line: 1, col: 3
  Exponent(2002)
    TOKEN_13(1014): "E", line: 1, col: 4
Error: in /dev/fd/63: line 1:
    unexpected character '('
Parse tree from /dev/fd/63:
Number(2001)
  Sign(2003)
    TOKEN_0(1001): "+", line: 1, col: 1
  Digits(2004)
    Digit(2005)
      TOKEN_5(1006): "2", line: 1, col: 2
  TOKEN_2(1003): ".", line: 1, col: 3
  Digits(2004)
    Digit(2005)
      TOKEN_5(1006): "2", line: 1, col: 4
  Exponent(2002)
    TOKEN_13(1014): "E", line: 1, col: 5
Error: in /dev/fd/63: line 1:
    unexpected character '('
Parse tree from /dev/fd/63:
Error: in /dev/fd/63: line 1:
    unexpected character '''
Error: in /dev/fd/63: line 1:
    unexpected character '''
Parse tree from /dev/fd/63:
Error: in /dev/fd/63: line 1:
    unexpected character '"'
Error: in /dev/fd/63: line 1:
    unexpected character '('
