Parse tree from /dev/fd/62:
Number(2001)
  Sign(2003)
    TOKEN_0(1001): "+", line: 1, col: 1
  TOKEN_2(1003): ".", line: 1, col: 2
  Digits(2004)
    Digit(2005)
      TOKEN_4(1005): "1", line: 1, col: 3
  Exponent(2002)
    TOKEN_13(1014): "E", line: 1, col: 4
    Sign(2003)
      TOKEN_1(1002): "-", line: 1, col: 5
    Digits(2004)
      Digit(2005)
        TOKEN_4(1005): "1", line: 1, col: 6
      Digit(2005)
        TOKEN_5(1006): "2", line: 1, col: 7
      Digit(2005)
        TOKEN_6(1007): "3", line: 1, col: 8
