None: None is not of type u'string'
None: None is not of type u'string'
None: None is not of type u'string'
None: None is not of type u'string'
None: None is not of type u'string'
None: None is not of type u'string'
None: None is not of type u'string'
None: None is not of type u'string'
None: None is not of type u'string'
None: None is not of type u'string'
None: None is not of type u'string'
None: None is not of type u'string'
None: None is not of type u'string'
None: None is not of type u'string'
None: None is not of type u'string'
None: None is not of type u'string'
None: None is not of type u'string'
None: None is not of type u'string'
None: None is not of type u'string'
None: None is not of type u'string'
None: None is not of type u'string'
None: None is not of type u'string'
None: None is not of type u'string'
None: None is not of type u'string'
None: None is not of type u'string'
None: None is not of type u'string'
None: None is not of type u'string'
None: None is not of type u'string'
None: None is not of type u'string'
None: None is not of type u'string'
None: None is not of type u'string'
None: None is not of type u'string'
None: None is not of type u'string'
None: None is not of type u'string'
None: None is not of type u'string'
None: None is not of type u'string'
None: None is not of type u'string'
None: None is not of type u'string'
None: None is not of type u'string'
