tools/json-validator: tests/inputs/cod_query_001.json: /data/0/last_modified: Expected string - got null.
