$VAR1 = [
          '_cod_cell_volume',
          '<',
          '100.0'
        ];
