$VAR1 = [
          'filter=',
          [
            'te',
            '<',
            'st'
          ]
        ];
