$VAR1 = [
          'filter=',
          [
            'field',
            '=',
            '"!#$%&\'()*+,-./:;<=>?@[]^`{|}~%"'
          ]
        ];
