$VAR1 = [
          [
            'NOT',
            [
              'a',
              '>',
              'b'
            ]
          ],
          'AND',
          [
            'NOT',
            [
              'x',
              '>',
              '0'
            ]
          ]
        ];
