$VAR1 = [
          [
            'prototype_formula',
            'CONTAINS',
            '"C2"'
          ],
          'AND',
          [
            'prototype_formula',
            'STARTS',
            'WITH',
            '"A2"'
          ]
        ];
