$VAR1 = [
          '5',
          [
            '<',
            '7'
          ]
        ];
