$VAR1 = [
          'filter=',
          [
            'spacegroup',
            '=',
            '"P2"'
          ]
        ];
