./parse: syntax error at line 0, position 23: ' ((x>0)))'.
