$VAR1 = [
          'elements',
          'HAS',
          'ONLY',
          [
            [
              [
                '"H"',
                ',',
                '"He"'
              ],
              ',',
              '"Ga"'
            ],
            ',',
            '"Ta"'
          ]
        ];
