$VAR1 = [
          'elements',
          [
            [
              '_exmpl_element_counts',
              '_exmpl_element_weights'
            ],
            'HAS',
            'ANY',
            [
              [
                [
                  [
                    '>',
                    '3',
                    [
                      undef,
                      '"He"'
                    ]
                  ],
                  [
                    ':',
                    '>'
                  ]
                ],
                ',',
                [
                  [
                    '=',
                    '6',
                    [
                      ':',
                      '>'
                    ]
                  ],
                  [
                    ':',
                    '<'
                  ]
                ]
              ],
              ',',
              [
                [
                  '8',
                  [
                    ':',
                    '<'
                  ]
                ],
                [
                  undef,
                  '0'
                ]
              ]
            ]
          ]
        ];
