$VAR1 = [
          '5',
          '<',
          '_exmpl_a'
        ];
