$VAR1 = [
          [
            'chemical_formula_hill',
            'IS',
            'KNOWN'
          ],
          'AND',
          [
            'NOT',
            [
              'chemical_formula_anonymous',
              'IS',
              'UNKNOWN'
            ]
          ]
        ];
