$VAR1 = [
          'filter=',
          [
            'NOT',
            [
              'ICE',
              '=',
              'val'
            ]
          ]
        ];
