$VAR1 = [
          'filter=',
          [
            'author',
            '=',
            '" someone "'
          ]
        ];
