./parse: parse error detected at line 0, position 18:
$VAR1 = [
          [
            0,
            undef
          ],
          [
            2,
            [
              'filter=',
              [
                'number',
                '=',
                '0.0'
              ]
            ]
          ]
        ];
$VAR1 = \'.';
$VAR1 = {
          'INPUT' => '1
',
          'LINENO' => 0,
          'FILEIN' => \*{'FilterParser::$__ANONIO__'},
          'CHARNO' => 18
        };
$VAR1 = undef;
