./parse: syntax error at line 0, position 14: ''.
