$VAR1 = [
          [
            'elements',
            [
              [
                '_exmpl_element_counts'
              ],
              'HAS',
              [
                '"H"',
                [
                  undef,
                  '6'
                ]
              ]
            ]
          ],
          'AND',
          [
            [
              'elements',
              [
                [
                  '_exmpl_element_counts'
                ],
                'HAS',
                'ALL',
                [
                  [
                    '"H"',
                    [
                      undef,
                      '6'
                    ]
                  ],
                  ',',
                  [
                    '"He"',
                    [
                      undef,
                      '7'
                    ]
                  ]
                ]
              ]
            ],
            'AND',
            [
              [
                'elements',
                [
                  [
                    '_exmpl_element_counts'
                  ],
                  'HAS',
                  'EXACTLY',
                  [
                    '"H"',
                    [
                      undef,
                      '6'
                    ]
                  ]
                ]
              ],
              'AND',
              [
                [
                  'elements',
                  [
                    [
                      '_exmpl_element_counts'
                    ],
                    'HAS',
                    'ANY',
                    [
                      [
                        '"H"',
                        [
                          undef,
                          '6'
                        ]
                      ],
                      ',',
                      [
                        '"He"',
                        [
                          undef,
                          '7'
                        ]
                      ]
                    ]
                  ]
                ],
                'AND',
                [
                  'elements',
                  [
                    [
                      '_exmpl_element_counts'
                    ],
                    'HAS',
                    'ONLY',
                    [
                      [
                        '"H"',
                        [
                          undef,
                          '6'
                        ]
                      ],
                      ',',
                      [
                        '"He"',
                        [
                          undef,
                          '7'
                        ]
                      ]
                    ]
                  ]
                ]
              ]
            ]
          ]
        ];
