$VAR1 = [
          'author',
          '=',
          '"Sąžininga Žąsis"'
        ];
