$VAR1 = [
          '_exmpl_some_string_property',
          '=',
          '42'
        ];
