$VAR1 = [
          'filter=',
          [
            '(',
            [
              [
                '(',
                [
                  'NOT',
                  [
                    '(',
                    [
                      'a',
                      '>',
                      'b'
                    ],
                    ')'
                  ]
                ],
                ')'
              ],
              'AND',
              [
                'x',
                '>',
                '0'
              ]
            ],
            ')'
          ]
        ];
