./parse: syntax error at line 0, position 0: ' filter=key=value'.
